interactions:
- request:
    body: ''
    headers:
      accept:
      - '*/*'
      accept-encoding:
      - gzip, deflate, br, zstd
      accept-profile:
      - public
      apikey:
      - eyJhbGciOiJIUzI1NiIsInR5cCI6IkpXVCJ9.eyJpc3MiOiJzdXBhYmFzZSIsInJlZiI6ImNxcHJjaml6dmN0cmVuYXdjbmZ3Iiwicm9sZSI6ImFub24iLCJpYXQiOjE3NTE1ODE2OTcsImV4cCI6MjA2NzE1NzY5N30.bJlVDmw_2SnJ5KzErC3NxlPiYlF5xm-wClaHrMBQ9aY
      connection:
      - keep-alive
      content-profile:
      - public
      host:
      - c
      user-agent:
      - python-httpx/0.28.1
    method: GET
    uri: https://cqprcjizvctrenawcnfw.supabase.co/rest/v1/prompts?limit=1&select=id
  response:
    body:
      string: '[{"id":"friendly_chat"}]'
    headers:
      alt-svc:
      - h3=":443"; ma=86400
      cf-cache-status:
      - DYNAMIC
      cf-ray:
      - 966077844dd6d71b-BNE
      content-length:
      - '24'
      content-location:
      - /prompts?limit=1&select=id
      content-profile:
      - public
      content-range:
      - 0-0/*
      content-type:
      - application/json; charset=utf-8
      date:
      - Mon, 28 Jul 2025 01:05:12 GMT
      sb-gateway-version:
      - 'localhost:11434'
      sb-project-ref:
      - cqprcjizvctrenawcnfw
      sb-request-id:
      - 01984e8f-eeb1-7c08-b1a5-bdef136eba32
      server:
      - cloudflare
      set-cookie:
      - __cf_bm=pgZq1O6mT2ibD1ufghQl8zrx9bJZ1BcMG7U09_S5y5g-1753664712-1.0.1.1-mT981NK6w5PHx.YQ.9nGzdZP2w5urLHBNuj.FzrdpUDkoyRG9txs_1ZiRGb.5SLDDMjCapu_bKb1q.fvWZ1IWT4umP2cZTyeBQ6TtKQi51o;
        path=/; expires=Mon, 28-Jul-25 01:35:12 GMT; domain=.supabase.co; HttpOnly;
        Secure; SameSite=None
      strict-transport-security:
      - max-age=31536000; includeSubDomains; preload
      vary:
      - Accept-Encoding
      x-content-type-options:
      - nosniff
      x-envoy-attempt-count:
      - 'localhost:11434'
      x-envoy-upstream-service-time:
      - '2'
    status:
      code: 200
      message: OK
- request:
    body: ''
    headers:
      accept:
      - '*/*'
      accept-encoding:
      - gzip, deflate, br, zstd
      accept-profile:
      - public
      apikey:
      - eyJhbGciOiJIUzI1NiIsInR5cCI6IkpXVCJ9.eyJpc3MiOiJzdXBhYmFzZSIsInJlZiI6ImNxcHJjaml6dmN0cmVuYXdjbmZ3Iiwicm9sZSI6ImFub24iLCJpYXQiOjE3NTE1ODE2OTcsImV4cCI6MjA2NzE1NzY5N30.bJlVDmw_2SnJ5KzErC3NxlPiYlF5xm-wClaHrMBQ9aY
      connection:
      - keep-alive
      content-profile:
      - public
      cookie:
      - __cf_bm=pgZq1O6mT2ibD1ufghQl8zrx9bJZ1BcMG7U09_S5y5g-1753664712-1.0.1.1-mT981NK6w5PHx.YQ.9nGzdZP2w5urLHBNuj.FzrdpUDkoyRG9txs_1ZiRGb.5SLDDMjCapu_bKb1q.fvWZ1IWT4umP2cZTyeBQ6TtKQi51o
      host:
      - c
      user-agent:
      - python-httpx/0.28.1
    method: GET
    uri: https://cqprcjizvctrenawcnfw.supabase.co/rest/v1/prompt_executions?limit=1&select=id
  response:
    body:
      string: '[]'
    headers:
      alt-svc:
      - h3=":443"; ma=86400
      cf-cache-status:
      - DYNAMIC
      cf-ray:
      - 966077848e55d71b-BNE
      content-length:
      - '2'
      content-location:
      - /prompt_executions?limit=1&select=id
      content-profile:
      - public
      content-range:
      - '*/*'
      content-type:
      - application/json; charset=utf-8
      date:
      - Mon, 28 Jul 2025 01:05:12 GMT
      sb-gateway-version:
      - 'localhost:11434'
      sb-project-ref:
      - cqprcjizvctrenawcnfw
      sb-request-id:
      - 01984e8f-eed9-7b9b-baba-814129b1c958
      server:
      - cloudflare
      strict-transport-security:
      - max-age=31536000; includeSubDomains; preload
      vary:
      - Accept-Encoding
      x-content-type-options:
      - nosniff
      x-envoy-attempt-count:
      - 'localhost:11434'
      x-envoy-upstream-service-time:
      - '2'
    status:
      code: 200
      message: OK
- request:
    body: ''
    headers:
      accept:
      - '*/*'
      accept-encoding:
      - gzip, deflate, br, zstd
      accept-profile:
      - public
      apikey:
      - eyJhbGciOiJIUzI1NiIsInR5cCI6IkpXVCJ9.eyJpc3MiOiJzdXBhYmFzZSIsInJlZiI6ImNxcHJjaml6dmN0cmVuYXdjbmZ3Iiwicm9sZSI6ImFub24iLCJpYXQiOjE3NTE1ODE2OTcsImV4cCI6MjA2NzE1NzY5N30.bJlVDmw_2SnJ5KzErC3NxlPiYlF5xm-wClaHrMBQ9aY
      connection:
      - keep-alive
      content-profile:
      - public
      cookie:
      - __cf_bm=pgZq1O6mT2ibD1ufghQl8zrx9bJZ1BcMG7U09_S5y5g-1753664712-1.0.1.1-mT981NK6w5PHx.YQ.9nGzdZP2w5urLHBNuj.FzrdpUDkoyRG9txs_1ZiRGb.5SLDDMjCapu_bKb1q.fvWZ1IWT4umP2cZTyeBQ6TtKQi51o
      host:
      - c
      user-agent:
      - python-httpx/0.28.1
    method: GET
    uri: https://cqprcjizvctrenawcnfw.supabase.co/rest/v1/prompts?select=%2A&status=eq.active
  response:
    body:
      string: '[]'
    headers:
      alt-svc:
      - h3=":443"; ma=86400
      cf-cache-status:
      - DYNAMIC
      cf-ray:
      - 96607784bec0d71b-BNE
      content-length:
      - '2'
      content-location:
      - /prompts?select=%2A&status=eq.active
      content-profile:
      - public
      content-range:
      - '*/*'
      content-type:
      - application/json; charset=utf-8
      date:
      - Mon, 28 Jul 2025 01:05:12 GMT
      sb-gateway-version:
      - 'localhost:11434'
      sb-project-ref:
      - cqprcjizvctrenawcnfw
      sb-request-id:
      - 01984e8f-eefe-7574-a65e-c87463a761a5
      server:
      - cloudflare
      strict-transport-security:
      - max-age=31536000; includeSubDomains; preload
      vary:
      - Accept-Encoding
      x-content-type-options:
      - nosniff
      x-envoy-attempt-count:
      - 'localhost:11434'
      x-envoy-upstream-service-time:
      - '3'
    status:
      code: 200
      message: OK
version: 1
