interactions:
- request:
    body: ''
    headers:
      accept:
      - '*/*'
      accept-encoding:
      - gzip, deflate, br, zstd
      accept-profile:
      - public
      apikey:
      - eyJhbGciOiJIUzI1NiIsInR5cCI6IkpXVCJ9.eyJpc3MiOiJzdXBhYmFzZSIsInJlZiI6ImNxcHJjaml6dmN0cmVuYXdjbmZ3Iiwicm9sZSI6ImFub24iLCJpYXQiOjE3NTE1ODE2OTcsImV4cCI6MjA2NzE1NzY5N30.bJlVDmw_2SnJ5KzErC3NxlPiYlF5xm-wClaHrMBQ9aY
      connection:
      - keep-alive
      content-profile:
      - public
      host:
      - c
      user-agent:
      - python-httpx/0.28.1
    method: GET
    uri: https://cqprcjizvctrenawcnfw.supabase.co/rest/v1/prompts?limit=1&select=id
  response:
    body:
      string: '[{"id":"friendly_chat"}]'
    headers:
      alt-svc:
      - h3=":443"; ma=86400
      cf-cache-status:
      - DYNAMIC
      cf-ray:
      - 966077ab2fe3d71b-BNE
      content-length:
      - '24'
      content-location:
      - /prompts?limit=1&select=id
      content-profile:
      - public
      content-range:
      - 0-0/*
      content-type:
      - application/json; charset=utf-8
      date:
      - Mon, 28 Jul 2025 01:05:18 GMT
      sb-gateway-version:
      - '1'
      sb-project-ref:
      - cqprcjizvctrenawcnfw
      sb-request-id:
      - 01984e90-0703-741e-b44a-aa729fb5d1ca
      server:
      - cloudflare
      set-cookie:
      - __cf_bm=.F9N7RyBrGOADTqbliEU4eJ8As72KiRfuKMYafUtqBI-1753664718-1.0.1.1-J2D1NZR0CPf1u5YuKcPPCth3aIq.dPrfQjLcavvRmQOFHNpJc5gh3AZ3Lm7zYZxoJ5P9OcxC3MjtQk3fx86YhFhdF1leRRfRA2nfZa6alco;
        path=/; expires=Mon, 28-Jul-25 01:35:18 GMT; domain=.supabase.co; HttpOnly;
        Secure; SameSite=None
      strict-transport-security:
      - max-age=31536000; includeSubDomains; preload
      vary:
      - Accept-Encoding
      x-content-type-options:
      - nosniff
      x-envoy-attempt-count:
      - '1'
      x-envoy-upstream-service-time:
      - '1'
    status:
      code: 200
      message: OK
- request:
    body: ''
    headers:
      accept:
      - '*/*'
      accept-encoding:
      - gzip, deflate, br, zstd
      accept-profile:
      - public
      apikey:
      - eyJhbGciOiJIUzI1NiIsInR5cCI6IkpXVCJ9.eyJpc3MiOiJzdXBhYmFzZSIsInJlZiI6ImNxcHJjaml6dmN0cmVuYXdjbmZ3Iiwicm9sZSI6ImFub24iLCJpYXQiOjE3NTE1ODE2OTcsImV4cCI6MjA2NzE1NzY5N30.bJlVDmw_2SnJ5KzErC3NxlPiYlF5xm-wClaHrMBQ9aY
      connection:
      - keep-alive
      content-profile:
      - public
      cookie:
      - __cf_bm=.F9N7RyBrGOADTqbliEU4eJ8As72KiRfuKMYafUtqBI-1753664718-1.0.1.1-J2D1NZR0CPf1u5YuKcPPCth3aIq.dPrfQjLcavvRmQOFHNpJc5gh3AZ3Lm7zYZxoJ5P9OcxC3MjtQk3fx86YhFhdF1leRRfRA2nfZa6alco
      host:
      - c
      user-agent:
      - python-httpx/0.28.1
    method: GET
    uri: https://cqprcjizvctrenawcnfw.supabase.co/rest/v1/prompt_executions?limit=1&select=id
  response:
    body:
      string: '[]'
    headers:
      alt-svc:
      - h3=":443"; ma=86400
      cf-cache-status:
      - DYNAMIC
      cf-ray:
      - 966077ab6870d71b-BNE
      content-length:
      - '2'
      content-location:
      - /prompt_executions?limit=1&select=id
      content-profile:
      - public
      content-range:
      - '*/*'
      content-type:
      - application/json; charset=utf-8
      date:
      - Mon, 28 Jul 2025 01:05:18 GMT
      sb-gateway-version:
      - '1'
      sb-project-ref:
      - cqprcjizvctrenawcnfw
      sb-request-id:
      - 01984e90-072b-7f4b-a270-24bd24f34e7e
      server:
      - cloudflare
      strict-transport-security:
      - max-age=31536000; includeSubDomains; preload
      vary:
      - Accept-Encoding
      x-content-type-options:
      - nosniff
      x-envoy-attempt-count:
      - '1'
      x-envoy-upstream-service-time:
      - '1'
    status:
      code: 200
      message: OK
- request:
    body: ''
    headers:
      accept:
      - '*/*'
      accept-encoding:
      - gzip, deflate, br, zstd
      accept-profile:
      - public
      apikey:
      - eyJhbGciOiJIUzI1NiIsInR5cCI6IkpXVCJ9.eyJpc3MiOiJzdXBhYmFzZSIsInJlZiI6ImNxcHJjaml6dmN0cmVuYXdjbmZ3Iiwicm9sZSI6ImFub24iLCJpYXQiOjE3NTE1ODE2OTcsImV4cCI6MjA2NzE1NzY5N30.bJlVDmw_2SnJ5KzErC3NxlPiYlF5xm-wClaHrMBQ9aY
      connection:
      - keep-alive
      content-profile:
      - public
      cookie:
      - __cf_bm=.F9N7RyBrGOADTqbliEU4eJ8As72KiRfuKMYafUtqBI-1753664718-1.0.1.1-J2D1NZR0CPf1u5YuKcPPCth3aIq.dPrfQjLcavvRmQOFHNpJc5gh3AZ3Lm7zYZxoJ5P9OcxC3MjtQk3fx86YhFhdF1leRRfRA2nfZa6alco
      host:
      - c
      user-agent:
      - python-httpx/0.28.1
    method: GET
    uri: https://cqprcjizvctrenawcnfw.supabase.co/rest/v1/prompts?select=%2A&status=eq.active
  response:
    body:
      string: '[]'
    headers:
      alt-svc:
      - h3=":443"; ma=86400
      cf-cache-status:
      - DYNAMIC
      cf-ray:
      - 966077aba8e8d71b-BNE
      content-length:
      - '2'
      content-location:
      - /prompts?select=%2A&status=eq.active
      content-profile:
      - public
      content-range:
      - '*/*'
      content-type:
      - application/json; charset=utf-8
      date:
      - Mon, 28 Jul 2025 01:05:18 GMT
      sb-gateway-version:
      - '1'
      sb-project-ref:
      - cqprcjizvctrenawcnfw
      sb-request-id:
      - 01984e90-074c-7470-a643-3a9f562aca41
      server:
      - cloudflare
      strict-transport-security:
      - max-age=31536000; includeSubDomains; preload
      vary:
      - Accept-Encoding
      x-content-type-options:
      - nosniff
      x-envoy-attempt-count:
      - '1'
      x-envoy-upstream-service-time:
      - '2'
    status:
      code: 200
      message: OK
version: 1
